<br />
<b>Notice</b>:  session_start(): Ignoring session_start() because a session is already active in <b>C:\laragon\www\uas_251011701031_DataMenuRestoran\index.php</b> on line <b>4</b><br />
<!DOCTYPE html>
<html lang="id">
<head>
    <meta charset="UTF-8">
    <meta name="viewport" content="width=device-width, initial-scale=1.0">
    <!-- Title halaman diisi oleh setiap Controller -->
    <title>Dashboard — Data Menu Restoran</title>
    <!-- Bootstrap 5 CSS (CDN) -->
    <link href="https://cdn.jsdelivr.net/npm/bootstrap@5.3.0/dist/css/bootstrap.min.css" rel="stylesheet">
    <!-- FontAwesome Icons -->
    <link rel="stylesheet" href="https://cdnjs.cloudflare.com/ajax/libs/font-awesome/6.4.0/css/all.min.css">
    <!-- Custom CSS Aplikasi -->
    <link rel="stylesheet" href="http://localhost/uas_251011701031_DataMenuRestoran/assets/css/style.css">
</head>
<body class="bg-light">
<div class="d-flex" id="wrapper">
    <!-- Page Content -->
    <div id="page-content-wrapper" class="w-100">
        <nav class="navbar navbar-expand-lg navbar-light bg-transparent py-4 px-4 border-bottom mb-4">
            <div class="d-flex align-items-center">
                <i class="fas fa-align-left primary-text fs-4 me-3" id="menu-toggle" style="cursor: pointer;"></i>
                <h2 class="fs-2 m-0 text-dark">Dashboard</h2>
            </div>

            <button class="navbar-toggler" type="button" data-bs-toggle="collapse"
                data-bs-target="#navbarSupportedContent" aria-controls="navbarSupportedContent"
                aria-expanded="false" aria-label="Toggle navigation">
                <span class="navbar-toggler-icon"></span>
            </button>

            <div class="collapse navbar-collapse" id="navbarSupportedContent">
                <ul class="navbar-nav ms-auto mb-2 mb-lg-0">
                    <li class="nav-item dropdown">
                        <a class="nav-link dropdown-toggle second-text fw-bold" href="#" id="navbarDropdown"
                            role="button" data-bs-toggle="dropdown" aria-expanded="false">
                            <i class="fas fa-user me-2"></i>admin                        </a>
                        <ul class="dropdown-menu dropdown-menu-end shadow border-0" aria-labelledby="navbarDropdown">
                            <li><a class="dropdown-item" href="#"><i class="fas fa-user-circle me-2"></i>Profile</a></li>
                            <li><a class="dropdown-item" href="#"><i class="fas fa-cog me-2"></i>Settings</a></li>
                            <li><hr class="dropdown-divider"></li>
                            <li><a class="dropdown-item text-danger" href="http://localhost/uas_251011701031_DataMenuRestoran/logout.php"><i class="fas fa-sign-out-alt me-2"></i>Logout</a></li>
                        </ul>
                    </li>
                </ul>
            </div>
        </nav>
        <div class="container-fluid px-4">
    <!-- Sidebar -->
    <div class="bg-white border-end" id="sidebar-wrapper">
        <div class="sidebar-heading text-center py-4 primary-text fs-4 fw-bold text-uppercase border-bottom">
            <i class="fas fa-utensils me-2"></i>Resto
        </div>
        <div class="list-group list-group-flush my-3">
            <a href="http://localhost/uas_251011701031_DataMenuRestoran/index.php?url=dashboard" class="list-group-item list-group-item-action bg-transparent second-text fw-bold active">
                <i class="fas fa-tachometer-alt me-2"></i>Dashboard
            </a>
            <a href="http://localhost/uas_251011701031_DataMenuRestoran/index.php?url=menu" class="list-group-item list-group-item-action bg-transparent second-text fw-bold ">
                <i class="fas fa-bars me-2"></i>Daftar Menu
            </a>
            <a href="http://localhost/uas_251011701031_DataMenuRestoran/index.php?url=report" class="list-group-item list-group-item-action bg-transparent second-text fw-bold ">
                <i class="fas fa-chart-line me-2"></i>Laporan
            </a>
            <a href="http://localhost/uas_251011701031_DataMenuRestoran/logout.php" class="list-group-item list-group-item-action bg-transparent text-danger fw-bold mt-5">
                <i class="fas fa-sign-out-alt me-2"></i>Logout
            </a>
        </div>
    </div>
    <!-- /#sidebar-wrapper -->
<div class="row mb-4">
    <div class="col-12">
        <div class="card shadow border-0 rounded-3 bg-white">
            <div class="card-body p-4 d-flex justify-content-between align-items-center flex-wrap">
                <div>
                    <h3 class="fw-bold mb-1">Selamat Datang, <span class="text-primary">admin</span>!</h3>
                    <p class="text-muted mb-0">Ini adalah panel admin Anda.</p>
                </div>
                <div class="text-end mt-3 mt-md-0">
                    <div class="d-flex align-items-center bg-light rounded-pill px-4 py-2 border shadow-sm">
                        <i class="fas fa-calendar-alt text-primary me-2"></i>
                        <span id="current-date" class="fw-semibold me-3 text-secondary">
                            Rabu, 01 Juli 2026                        </span>
                        <i class="fas fa-clock text-warning me-2 border-start border-secondary ps-3"></i>
                        <span id="current-time" class="fw-bold text-dark fs-5" style="min-width: 80px; display:inline-block;">--:--:--</span>
                    </div>
                </div>
            </div>
        </div>
    </div>
</div>

<div class="row g-4 mb-4">
    <!-- Total Data Menu -->
    <div class="col-md-4">
        <div class="card bg-primary text-white shadow rounded-3 border-0 h-100">
            <div class="card-body d-flex align-items-center p-4">
                <div>
                    <p class="fs-6 mb-1 text-uppercase fw-semibold opacity-75">Total Data Menu</p>
                    <h2 class="display-5 fw-bold mb-0">5</h2>
                </div>
                <div class="ms-auto bg-white bg-opacity-25 rounded-circle d-flex align-items-center justify-content-center" style="width: 70px; height: 70px;">
                    <i class="fas fa-utensils fs-2"></i>
                </div>
            </div>
        </div>
    </div>

    <!-- Total Kategori -->
    <div class="col-md-4">
        <div class="card bg-success text-white shadow rounded-3 border-0 h-100">
            <div class="card-body d-flex align-items-center p-4">
                <div>
                    <p class="fs-6 mb-1 text-uppercase fw-semibold opacity-75">Total Kategori</p>
                    <h2 class="display-5 fw-bold mb-0">3</h2>
                </div>
                <div class="ms-auto bg-white bg-opacity-25 rounded-circle d-flex align-items-center justify-content-center" style="width: 70px; height: 70px;">
                    <i class="fas fa-tags fs-2"></i>
                </div>
            </div>
        </div>
    </div>

    <!-- Total Harga Menu -->
    <div class="col-md-4">
        <div class="card bg-warning text-white shadow rounded-3 border-0 h-100">
            <div class="card-body d-flex align-items-center p-4">
                <div>
                    <p class="fs-6 mb-1 text-uppercase fw-semibold opacity-75">Total Harga Menu</p>
                    <h3 class="fw-bold mb-0 mt-2">Rp 87.000</h3>
                </div>
                <div class="ms-auto bg-white bg-opacity-25 rounded-circle d-flex align-items-center justify-content-center" style="width: 70px; height: 70px;">
                    <i class="fas fa-money-bill-wave fs-2"></i>
                </div>
            </div>
        </div>
    </div>
</div>

<script>
    function updateTime() {
        const now = new Date();
        const hours = String(now.getHours()).padStart(2, '0');
        const minutes = String(now.getMinutes()).padStart(2, '0');
        const seconds = String(now.getSeconds()).padStart(2, '0');
        document.getElementById('current-time').textContent = hours + ':' + minutes + ':' + seconds;
    }
    
    // Update immediately and then every second
    updateTime();
    setInterval(updateTime, 1000);
</script>
        </div>
    </div>
</div>
<!-- /#page-content-wrapper -->

<!-- Bootstrap 5 JS Bundle with Popper -->
<script src="https://cdn.jsdelivr.net/npm/bootstrap@5.3.0/dist/js/bootstrap.bundle.min.js"></script>
<!-- Custom JS -->
<script>
    var el = document.getElementById("wrapper");
    var toggleButton = document.getElementById("menu-toggle");

    toggleButton.onclick = function () {
        el.classList.toggle("toggled");
    };
</script>
</body>
</html>
